[0m11:37:35.977598 [debug] [MainThread]: Sending event: {'category': 'dbt', 'action': 'invocation', 'label': 'start', 'context': [<snowplow_tracker.self_describing_json.SelfDescribingJson object at 0x0000020565CC42F0>, <snowplow_tracker.self_describing_json.SelfDescribingJson object at 0x000002056703D400>, <snowplow_tracker.self_describing_json.SelfDescribingJson object at 0x000002056469BBF0>]}


============================== 11:37:36.007135 | 3529fcdd-d52a-422a-bdcb-96465136a7a1 ==============================
[0m11:37:36.007135 [info ] [MainThread]: Running with dbt=1.12.0
[0m11:37:36.007135 [debug] [MainThread]: running dbt with arguments {'version_check': 'True', 'no_print': 'None', 'maximum_seed_size_mib': '1', 'target_path': 'None', 'warn_error_options': 'WarnErrorOptionsV2(error=[], warn=[], silence=[])', 'static_parser': 'True', 'printer_width': '80', 'write_json': 'True', 'introspect': 'True', 'log_cache_events': 'False', 'empty': 'None', 'cache_selected_only': 'False', 'log_format': 'default', 'debug': 'False', 'fail_fast': 'False', 'profiles_dir': 'C:\\Users\\anushka.roy\\.dbt', 'send_anonymous_usage_stats': 'True', 'quiet': 'False', 'warn_error': 'None', 'partial_parse': 'True', 'invocation_command': 'dbt init', 'hints_enabled': 'True', 'use_colors': 'True', 'use_experimental_parser': 'False', 'indirect_selection': 'eager', 'log_path': 'logs'}
[0m11:37:36.229973 [info ] [MainThread]: Creating dbt configuration folder at C:\Users\anushka.roy\.dbt
[0m11:37:46.855897 [debug] [MainThread]: Starter project path: C:\Anushka\projects\DBT\.venv\Lib\site-packages\dbt\include\starter_project
[0m11:37:46.899906 [info ] [MainThread]: Setting up your profile.
[0m11:37:55.976184 [debug] [MainThread]: Spark adapter: Setting pyhive.hive logging to ERROR
[0m11:37:55.977194 [debug] [MainThread]: Spark adapter: Setting thrift.transport logging to ERROR
[0m11:37:55.977194 [debug] [MainThread]: Spark adapter: Setting thrift.protocol logging to ERROR
[0m11:50:04.828112 [info ] [MainThread]: Profile dbt_project written to C:\Users\anushka.roy\.dbt\profiles.yml using target's profile_template.yml and your supplied values.
[0m11:50:04.922255 [info ] [MainThread]: Running dbt debug to validate the project...
[0m11:50:04.922255 [info ] [MainThread]: dbt version: 1.12.0
[0m11:50:04.922255 [info ] [MainThread]: python version: 3.12.13
[0m11:50:04.922255 [info ] [MainThread]: python path: C:\Anushka\projects\DBT\.venv\Scripts\python.exe
[0m11:50:04.934841 [info ] [MainThread]: os info: Windows-11-10.0.26200-SP0
[0m11:50:05.130620 [info ] [MainThread]: Using profiles dir at C:\Users\anushka.roy\.dbt
[0m11:50:05.131621 [info ] [MainThread]: Using profiles.yml file at C:\Users\anushka.roy\.dbt\profiles.yml
[0m11:50:05.132625 [info ] [MainThread]: Using dbt_project.yml file at C:\Anushka\projects\DBT\dbt_project\dbt_project.yml
[0m11:50:05.132625 [info ] [MainThread]: adapter type: databricks
[0m11:50:05.133622 [info ] [MainThread]: adapter version: 1.10.9
[0m11:50:05.277947 [info ] [MainThread]: Configuration:
[0m11:50:05.278947 [info ] [MainThread]:   profiles.yml file [[32mOK found and valid[0m]
[0m11:50:05.278947 [info ] [MainThread]:   dbt_project.yml file [[32mOK found and valid[0m]
[0m11:50:05.278947 [info ] [MainThread]: Required dependencies:
[0m11:50:05.280946 [debug] [MainThread]: Executing "git --help"
[0m11:50:05.349840 [debug] [MainThread]: STDOUT: "b"usage: git [-v | --version] [-h | --help] [-C <path>] [-c <name>=<value>]\n           [--exec-path[=<path>]] [--html-path] [--man-path] [--info-path]\n           [-p | --paginate | -P | --no-pager] [--no-replace-objects] [--no-lazy-fetch]\n           [--no-optional-locks] [--no-advice] [--bare] [--git-dir=<path>]\n           [--work-tree=<path>] [--namespace=<name>] [--config-env=<name>=<envvar>]\n           <command> [<args>]\n\nThese are common Git commands used in various situations:\n\nstart a working area (see also: git help tutorial)\n   clone      Clone a repository into a new directory\n   init       Create an empty Git repository or reinitialize an existing one\n\nwork on the current change (see also: git help everyday)\n   add        Add file contents to the index\n   mv         Move or rename a file, a directory, or a symlink\n   restore    Restore working tree files\n   rm         Remove files from the working tree and from the index\n\nexamine the history and state (see also: git help revisions)\n   bisect     Use binary search to find the commit that introduced a bug\n   diff       Show changes between commits, commit and working tree, etc\n   grep       Print lines matching a pattern\n   log        Show commit logs\n   show       Show various types of objects\n   status     Show the working tree status\n\ngrow, mark and tweak your common history\n   backfill   Download missing objects in a partial clone\n   branch     List, create, or delete branches\n   commit     Record changes to the repository\n   history    EXPERIMENTAL: Rewrite history\n   merge      Join two or more development histories together\n   rebase     Reapply commits on top of another base tip\n   reset      Set `HEAD` or the index to a known state\n   switch     Switch branches\n   tag        Create, list, delete or verify tags\n\ncollaborate (see also: git help workflows)\n   fetch      Download objects and refs from another repository\n   pull       Fetch from and integrate with another repository or a local branch\n   push       Update remote refs along with associated objects\n\n'git help -a' and 'git help -g' list available subcommands and some\nconcept guides. See 'git help <command>' or 'git help <concept>'\nto read about a specific subcommand or concept.\nSee 'git help git' for an overview of the system.\n""
[0m11:50:05.350841 [debug] [MainThread]: STDERR: "b''"
[0m11:50:05.352129 [info ] [MainThread]:  - git [[32mOK found[0m]

[0m11:50:05.352129 [info ] [MainThread]: Connection:
[0m11:50:05.353134 [info ] [MainThread]:   host: dbc-118d25ba-e87d.cloud.databricks.com
[0m11:50:05.353134 [info ] [MainThread]:   http_path: /sql/1.0/warehouses/42b24e7d467a3c61
[0m11:50:05.353134 [info ] [MainThread]:   catalog: dbt_catalog
[0m11:50:05.354135 [info ] [MainThread]:   schema: default
[0m11:50:05.357138 [info ] [MainThread]: Registered adapter: databricks=1.10.9
[0m11:50:06.871391 [debug] [MainThread]: Databricks adapter: DatabricksDBTConnection(session-id=None, name=debug) - Creating connection
[0m11:50:06.871391 [debug] [MainThread]: Acquiring new databricks connection 'debug'
[0m11:50:06.873391 [debug] [MainThread]: Using databricks connection "debug"
[0m11:50:06.873391 [debug] [MainThread]: On debug: select 1 as id
[0m11:50:06.874392 [debug] [MainThread]: Opening a new connection, currently in state init
[0m11:50:10.277977 [debug] [MainThread]: Databricks adapter: Connection(session-id=01f18983-372d-1a3a-baa2-e7d6805c6fab) - Created
[0m11:50:17.841717 [debug] [MainThread]: SQL status: OK in 10.970 seconds
[0m11:50:17.853026 [debug] [MainThread]: Databricks adapter: Cursor(session-id=01f18983-372d-1a3a-baa2-e7d6805c6fab, command-id=01f18983-3862-1f2a-886b-ebadae0500b6) - Closing
[0m11:50:18.245921 [debug] [MainThread]: On debug: Close
[0m11:50:18.245921 [debug] [MainThread]: Databricks adapter: Connection(session-id=01f18983-372d-1a3a-baa2-e7d6805c6fab) - Closing
[0m11:50:18.569003 [info ] [MainThread]:   Connection test: [[32mOK connection ok[0m]

[0m11:50:18.570003 [info ] [MainThread]: [32mAll checks passed![0m
[0m11:50:18.570003 [info ] [MainThread]: Your new dbt project "dbt_project" was created!
Initialized new project in C:\Anushka\projects\DBT\dbt_project\dbt_project

For more information on how to configure the profiles.yml file,
please consult the dbt documentation here:

  https://docs.getdbt.com/docs/configure-your-profile

One more thing:

Need help? Don't hesitate to reach out to us via GitHub issues or on Slack:

  https://community.getdbt.com/

Happy modeling!

[0m11:50:18.576264 [debug] [MainThread]: Command `dbt init` succeeded at 11:50:18.575260 after 762.82 seconds
[0m11:50:18.579299 [debug] [MainThread]: Sending event: {'category': 'dbt', 'action': 'invocation', 'label': 'end', 'context': [<snowplow_tracker.self_describing_json.SelfDescribingJson object at 0x0000020506A176E0>, <snowplow_tracker.self_describing_json.SelfDescribingJson object at 0x0000020508191310>, <snowplow_tracker.self_describing_json.SelfDescribingJson object at 0x0000020565BE2120>]}
[0m11:50:18.581804 [debug] [MainThread]: Flushing usage events
[0m11:50:20.792047 [debug] [MainThread]: An error was encountered while trying to flush usage events
[0m12:58:48.898538 [debug] [MainThread]: Sending event: {'category': 'dbt', 'action': 'invocation', 'label': 'start', 'context': [<snowplow_tracker.self_describing_json.SelfDescribingJson object at 0x0000014845558920>, <snowplow_tracker.self_describing_json.SelfDescribingJson object at 0x000001484518D670>, <snowplow_tracker.self_describing_json.SelfDescribingJson object at 0x00000148428AF530>]}


============================== 12:58:48.904937 | ca9f737f-a028-47b9-a7f6-8b24a29e9c90 ==============================
[0m12:58:48.904937 [info ] [MainThread]: Running with dbt=1.11.12
[0m12:58:48.904937 [debug] [MainThread]: running dbt with arguments {'static_parser': 'True', 'no_print': 'None', 'version_check': 'True', 'target_path': 'None', 'warn_error_options': 'WarnErrorOptionsV2(error=[], warn=[], silence=[])', 'printer_width': '80', 'write_json': 'True', 'empty': 'False', 'log_cache_events': 'False', 'introspect': 'True', 'cache_selected_only': 'False', 'fail_fast': 'False', 'debug': 'False', 'log_format': 'default', 'profiles_dir': 'C:\\Users\\anushka.roy\\.dbt', 'send_anonymous_usage_stats': 'True', 'quiet': 'False', 'warn_error': 'None', 'partial_parse': 'True', 'use_colors': 'True', 'indirect_selection': 'eager', 'invocation_command': 'dbt run', 'use_experimental_parser': 'False', 'log_path': 'logs'}
[0m12:58:48.904937 [error] [MainThread]: Encountered an error:
Runtime Error
  No dbt_project.yml found at expected path C:\Anushka\projects\DBT\dbt_project.yml
  Verify that each entry within packages.yml (and their transitive dependencies) contains a file named dbt_project.yml
  
[0m12:58:48.904937 [debug] [MainThread]: Command `dbt run` failed at 12:58:48.904937 after 0.33 seconds
[0m12:58:48.904937 [debug] [MainThread]: Sending event: {'category': 'dbt', 'action': 'invocation', 'label': 'end', 'context': [<snowplow_tracker.self_describing_json.SelfDescribingJson object at 0x0000014841FA79B0>, <snowplow_tracker.self_describing_json.SelfDescribingJson object at 0x00000148459CC680>, <snowplow_tracker.self_describing_json.SelfDescribingJson object at 0x00000148459CD1C0>]}
[0m12:58:48.904937 [debug] [MainThread]: Flushing usage events
[0m12:58:50.309679 [debug] [MainThread]: An error was encountered while trying to flush usage events
